// Jest Snapshot v1, https://goo.gl/fbAQLP

exports[`CustomButton should render 1`] = `
<div>
  <button
    class="ant-btn"
    type="button"
  >
    <span>
      Click me
    </span>
  </button>
</div>
`;
